[www.good-buckle.com/index.html]
[backblue.gif]
[fade.gif]
[index.html]
[www.good-buckle.com/captcha.html]
[www.good-buckle.com/index-2.html]
[www.good-buckle.com/aboutus.html]
[www.good-buckle.com/canguanfengongsi.html]
[www.good-buckle.com/canguangongchang.html]
[www.good-buckle.com/maoyifu.html]
[www.good-buckle.com/jingyingguanli.html]
[www.good-buckle.com/jiandingrenzheng.html]
[www.good-buckle.com/yanjiuyukaifa.html]
[www.good-buckle.com/pinzhiguanli.html]
[www.good-buckle.com/shangyezhanlan.html]
[www.good-buckle.com/kanwutuiguang.html]
[www.good-buckle.com/canguanwomen.html]
[www.good-buckle.com/products.html]
[www.good-buckle.com/contactus.html]
[www.good-buckle.com/news.html]
[www.good-buckle.com/pl0702955.html]
[www.good-buckle.com/pl0403282.html]
[www.good-buckle.com/pl0102955.html]
[www.good-buckle.com/pl0602955.html]
[www.good-buckle.com/pl0502955.html]
[www.good-buckle.com/pl0402955.html]
[www.good-buckle.com/pl0302955.html]
[www.good-buckle.com/pl0202955.html]
[www.good-buckle.com/pl0002955.html]
[www.good-buckle.com/pl0841955.html]
[www.good-buckle.com/pl0731955.html]
[www.good-buckle.com/pl0631955.html]
[www.good-buckle.com/pl0531955.html]
[www.good-buckle.com/pl0812955.html]
[www.good-buckle.com/pl6390366.html]
[www.good-buckle.com/pl0004296.html]
[www.good-buckle.com/pl0794296.html]
[www.good-buckle.com/pl0173296.html]
[www.good-buckle.com/pl0073296.html]
[www.good-buckle.com/pl0663296.html]
[www.good-buckle.com/pl0973296.html]
[www.good-buckle.com/pl0873296.html]
[www.good-buckle.com/pl0763296.html]
[www.good-buckle.com/pl0563296.html]
[www.good-buckle.com/pl0463296.html]
[www.good-buckle.com/pl0363296.html]
[www.good-buckle.com/pl0263296.html]
[www.good-buckle.com/pl0163296.html]
[www.good-buckle.com/pl0063296.html]
[www.good-buckle.com/pl0963296.html]
[www.good-buckle.com/pl0860400.html]
[www.good-buckle.com/pl0750400.html]
[www.good-buckle.com/pl0650400.html]
[www.good-buckle.com/pl0550400.html]
[www.good-buckle.com/pl0450400.html]
[www.good-buckle.com/pl0350400.html]
[www.good-buckle.com/pl0250400.html]
[www.good-buckle.com/pl0150400.html]
[www.good-buckle.com/pl0050400.html]
[www.good-buckle.com/pl0950400.html]
[www.good-buckle.com/pd18494294.html]
[www.good-buckle.com/pd525304168.html]
[www.good-buckle.com/pd76995267.html]
[www.good-buckle.com/pd70095267.html]
[www.good-buckle.com/pd79095267.html]
[www.good-buckle.com/pd78995267.html]
[www.good-buckle.com/pd594304168.html]
[www.good-buckle.com/pd77995267.html]
[www.good-buckle.com/pd75995267.html]
[www.good-buckle.com/pd74995267.html]
[www.good-buckle.com/pd73995267.html]
[www.good-buckle.com/pd72995267.html]
[www.good-buckle.com/pd6922960.html]
[www.good-buckle.com/pd6122960.html]
[www.good-buckle.com/pd6772960.html]
[www.good-buckle.com/pd6883960.html]
[www.good-buckle.com/^/develop/index.html]
[www.good-buckle.com/assets/widget/script/plugins/gallery/colorbox/colorbox.html]
[www.good-buckle.com/assets/style/fontAwesome/4.7.0/css/font-awesome.html]
[www.good-buckle.com/assets/style/iconfont/iconfont.html]
[www.good-buckle.com/assets/widget/script/plugins/gallery/colorbox/jquery.colorbox.html]
[www.good-buckle.com/assets/script/phoenix/phoenix_form_popup.html]
[www.good-buckle.com/assets/script/phoenix/phoenix_picture_popup.html]
[www.good-buckle.com/sw.html]
[www.good-buckle.com/index.html]
[www.good-buckle.com/captcha.html]
[www.good-buckle.com/index-2.html]
[www.good-buckle.com/aboutus.html]
[www.good-buckle.com/products-p2.html]
[www.good-buckle.com/products-p3.html]
[www.good-buckle.com/canguanfengongsi.html]
[www.good-buckle.com/canguangongchang.html]
[www.good-buckle.com/maoyifu.html]
[www.good-buckle.com/jingyingguanli.html]
[www.good-buckle.com/jiandingrenzheng.html]
[www.good-buckle.com/yanjiuyukaifa.html]
[www.good-buckle.com/pinzhiguanli.html]
[www.good-buckle.com/shangyezhanlan.html]
[www.good-buckle.com/kanwutuiguang.html]
[www.good-buckle.com/canguanwomen.html]
[www.good-buckle.com/products-p4.html]
[www.good-buckle.com/products.html]
[www.good-buckle.com/products-p27.html]
[www.good-buckle.com/contactus.html]
[www.good-buckle.com/products-p11.html]
[www.good-buckle.com/phoenix/captcha083a.html]
[www.good-buckle.com/id4552606.html]
[www.good-buckle.com/id0401575.html]
[www.good-buckle.com/-p1.html]
[www.good-buckle.com/news.html]
[www.good-buckle.com/pd510504168.html]
[www.good-buckle.com/pd520504168.html]
[www.good-buckle.com/pd740673288.html]
[www.good-buckle.com/pd6924960.html]
[www.good-buckle.com/pd6104960.html]
[www.good-buckle.com/pd6524960.html]
[www.good-buckle.com/pd77184267.html]
[www.good-buckle.com/pd6424960.html]
[www.good-buckle.com/pl0702955-p2.html]
[www.good-buckle.com/pl0702955-p3.html]
[www.good-buckle.com/pl0702955.html]
[www.good-buckle.com/pl0403282.html]
[www.good-buckle.com/pl0702955-p4.html]
[www.good-buckle.com/pl0702955-p11.html]
[www.good-buckle.com/pd6134960.html]
[www.good-buckle.com/pd6834960.html]
[www.good-buckle.com/pl0102955.html]
[www.good-buckle.com/pd6724960.html]
[www.good-buckle.com/pd70384267.html]
[www.good-buckle.com/pd6504960.html]
[www.good-buckle.com/pd6403960.html]
[www.good-buckle.com/pd6214960.html]
[www.good-buckle.com/pd77284267.html]
[www.good-buckle.com/pd76284267.html]
[www.good-buckle.com/pd76384267.html]
[www.good-buckle.com/pd72484267.html]
[www.good-buckle.com/pl0602955.html]
[www.good-buckle.com/pl0602955-p2.html]
[www.good-buckle.com/pl0602955-p3.html]
[www.good-buckle.com/pd6604960.html]
[www.good-buckle.com/pd6194960.html]
[www.good-buckle.com/pd6094960.html]
[www.good-buckle.com/pd6444960.html]
[www.good-buckle.com/pd6204960.html]
[www.good-buckle.com/pd6344960.html]
[www.good-buckle.com/pd6144960.html]
[www.good-buckle.com/pd6414960.html]
[www.good-buckle.com/pd78184267.html]
[www.good-buckle.com/pl0502955.html]
[www.good-buckle.com/pd93816226.html]
[www.good-buckle.com/pl0402955.html]
[www.good-buckle.com/pl0502955-p2.html]
[www.good-buckle.com/pd72884267.html]
[www.good-buckle.com/pd6303960.html]
[www.good-buckle.com/pd73584267.html]
[www.good-buckle.com/pd6244960.html]
[www.good-buckle.com/pd43092125.html]
[www.good-buckle.com/pd42755641.html]
[www.good-buckle.com/pd71284267.html]
[www.good-buckle.com/pd79684267.html]
[www.good-buckle.com/pd6804960.html]
[www.good-buckle.com/pl0302955.html]
[www.good-buckle.com/pd71884267.html]
[www.good-buckle.com/pd26336757.html]
[www.good-buckle.com/pd77484267.html]
[www.good-buckle.com/pd72584267.html]
[www.good-buckle.com/pd71384267.html]
[www.good-buckle.com/pd74284267.html]
[www.good-buckle.com/pd70284267.html]
[www.good-buckle.com/pd92816226.html]
[www.good-buckle.com/pd78584267.html]
[www.good-buckle.com/pd73684267.html]
[www.good-buckle.com/pd6904960.html]
[www.good-buckle.com/pd6004960.html]
[www.good-buckle.com/pd75784267.html]
[www.good-buckle.com/pl0202955.html]
[www.good-buckle.com/pd78784267.html]
[www.good-buckle.com/pl0202955-p2.html]
[www.good-buckle.com/pd71584267.html]
[www.good-buckle.com/pd76484267.html]
[www.good-buckle.com/pd73284267.html]
[www.good-buckle.com/pd77584267.html]
[www.good-buckle.com/pd72684267.html]
[www.good-buckle.com/pd76884267.html]
[www.good-buckle.com/pd78684267.html]
[www.good-buckle.com/pd74784267.html]
[www.good-buckle.com/pd76784267.html]
[www.good-buckle.com/pd78884267.html]
[www.good-buckle.com/pl0002955.html]
[www.good-buckle.com/pd24336757.html]
[www.good-buckle.com/pl0002955-p2.html]
[www.good-buckle.com/pd75484267.html]
[www.good-buckle.com/pd76584267.html]
[www.good-buckle.com/pd71684267.html]
[www.good-buckle.com/pd75884267.html]
[www.good-buckle.com/pl0841955.html]
[www.good-buckle.com/pd77684267.html]
[www.good-buckle.com/pd73784267.html]
[www.good-buckle.com/pd79584267.html]
[www.good-buckle.com/pd74484267.html]
[www.good-buckle.com/pd75584267.html]
[www.good-buckle.com/pd70684267.html]
[www.good-buckle.com/pd74884267.html]
[www.good-buckle.com/pd76684267.html]
[www.good-buckle.com/pd71784267.html]
[www.good-buckle.com/pl0731955.html]
[www.good-buckle.com/pd77884267.html]
[www.good-buckle.com/pd75184267.html]
[www.good-buckle.com/pd78484267.html]
[www.good-buckle.com/pd73484267.html]
[www.good-buckle.com/pd74584267.html]
[www.good-buckle.com/pd73884267.html]
[www.good-buckle.com/pd75684267.html]
[www.good-buckle.com/pd70784267.html]
[www.good-buckle.com/pl0631955.html]
[www.good-buckle.com/pd6408209.html]
[www.good-buckle.com/pd74184267.html]
[www.good-buckle.com/pl0531955.html]
[www.good-buckle.com/pd74684267.html]
[www.good-buckle.com/pd79784267.html]
[www.good-buckle.com/pl0812955-p2.html]
[www.good-buckle.com/pl0812955-p3.html]
[www.good-buckle.com/pl0812955.html]
[www.good-buckle.com/pl0812955-p4.html]
[www.good-buckle.com/pl0812955-p11.html]
[www.good-buckle.com/pl6390366.html]
[www.good-buckle.com/pd72084267.html]
[www.good-buckle.com/pl6390366-p2.html]
[www.good-buckle.com/pl0004296.html]
[www.good-buckle.com/pd25336757.html]
[www.good-buckle.com/pl0794296.html]
[www.good-buckle.com/pl0173296.html]
[www.good-buckle.com/pl0073296.html]
[www.good-buckle.com/pd71995267.html]
[www.good-buckle.com/pd79995267.html]
[www.good-buckle.com/pd75384267.html]
[www.good-buckle.com/pd71484267.html]
[www.good-buckle.com/pd74384267.html]
[www.good-buckle.com/pd70484267.html]
[www.good-buckle.com/pd73384267.html]
[www.good-buckle.com/pd79484267.html]
[www.good-buckle.com/pd6044960.html]
[www.good-buckle.com/pd78384267.html]
[www.good-buckle.com/pd6734960.html]
[www.good-buckle.com/pd77384267.html]
[www.good-buckle.com/pl0663296.html]
[www.good-buckle.com/pl0973296.html]
[www.good-buckle.com/pl0873296.html]
[www.good-buckle.com/pl0763296.html]
[www.good-buckle.com/pd6534960.html]
[www.good-buckle.com/pl0663296-p2.html]
[www.good-buckle.com/pd75284267.html]
[www.good-buckle.com/pd79284267.html]
[www.good-buckle.com/pl0563296.html]
[www.good-buckle.com/pl0463296.html]
[www.good-buckle.com/pl0363296.html]
[www.good-buckle.com/pd72284267.html]
[www.good-buckle.com/pl0263296.html]
[www.good-buckle.com/pl0163296.html]
[www.good-buckle.com/pl0563296-p2.html]
[www.good-buckle.com/pd70584267.html]
[www.good-buckle.com/pl0063296.html]
[www.good-buckle.com/pd6283960.html]
[www.good-buckle.com/pd6934960.html]
[www.good-buckle.com/pd73184267.html]
[www.good-buckle.com/pd72184267.html]
[www.good-buckle.com/pd6614960.html]
[www.good-buckle.com/pl0963296.html]
[www.good-buckle.com/pd76184267.html]
[www.good-buckle.com/pd6024960.html]
[www.good-buckle.com/pl0860400-p2.html]
[www.good-buckle.com/pl0860400-p3.html]
[www.good-buckle.com/pl0860400.html]
[www.good-buckle.com/pl0860400-p4.html]
[www.good-buckle.com/pl0860400-p11.html]
[www.good-buckle.com/pl0750400.html]
[www.good-buckle.com/pl0750400-p2.html]
[www.good-buckle.com/pl0750400-p3.html]
[www.good-buckle.com/pl0650400.html]
[www.good-buckle.com/pl0650400-p2.html]
[www.good-buckle.com/pl0650400-p3.html]
[www.good-buckle.com/pl0550400-p2.html]
[www.good-buckle.com/pl0550400-p3.html]
[www.good-buckle.com/pl0550400.html]
[www.good-buckle.com/pl0550400-p4.html]
[www.good-buckle.com/pl0450400.html]
[www.good-buckle.com/pl0550400-p6.html]
[www.good-buckle.com/pl0350400.html]
[www.good-buckle.com/pl0450400-p2.html]
[www.good-buckle.com/pl0250400.html]
[www.good-buckle.com/pl0150400.html]
[www.good-buckle.com/pl0350400-p2.html]
[www.good-buckle.com/pl0050400.html]
[www.good-buckle.com/pl0950400.html]
[www.good-buckle.com/pd18494294.html]
[www.good-buckle.com/pd525304168.html]
[www.good-buckle.com/pl0250400-p2.html]
[www.good-buckle.com/pd76995267.html]
[www.good-buckle.com/pd70095267.html]
[www.good-buckle.com/pd79095267.html]
[www.good-buckle.com/pd78995267.html]
[www.good-buckle.com/pd594304168.html]
[www.good-buckle.com/pd77995267.html]
[www.good-buckle.com/pd75995267.html]
[www.good-buckle.com/pd74995267.html]
[www.good-buckle.com/pd73995267.html]
[www.good-buckle.com/pd72995267.html]
[www.good-buckle.com/pd6922960.html]
[www.good-buckle.com/pd6122960.html]
[www.good-buckle.com/pd6772960.html]
[www.good-buckle.com/pd6883960.html]
[www.good-buckle.com/^/develop/index.html]
[www.good-buckle.com/assets/widget/script/plugins/gallery/colorbox/colorbox.html]
[www.good-buckle.com/assets/style/fontAwesome/4.7.0/css/font-awesome.html]
[www.good-buckle.com/assets/style/iconfont/iconfont.html]
[www.good-buckle.com/assets/widget/script/plugins/gallery/colorbox/jquery.colorbox.html]
[www.good-buckle.com/assets/script/phoenix/phoenix_form_popup.html]
[www.good-buckle.com/assets/script/phoenix/phoenix_picture_popup.html]
[www.good-buckle.com/sw.html]
[www.good-buckle.com/products-p2.html]
[www.good-buckle.com/products-p3.html]
[www.good-buckle.com/pl0050400-p2.html]
[www.good-buckle.com/products-p4.html]
[www.good-buckle.com/pd6224960.html]
[www.good-buckle.com/products-p5.html]
[www.good-buckle.com/products-p10.html]
[www.good-buckle.com/products-p27.html]
[www.good-buckle.com/products-p8.html]
[www.good-buckle.com/products-p11.html]
[www.good-buckle.com/phoenix/captcha083a.html]
[www.good-buckle.com/id4552606.html]
[www.good-buckle.com/id0401575.html]
[www.good-buckle.com/-p1.html]
[www.good-buckle.com/pd510504168.html]
[www.good-buckle.com/pd520504168.html]
[www.good-buckle.com/pd740673288.html]
[www.good-buckle.com/pd6924960.html]
[www.good-buckle.com/pd6104960.html]
[www.good-buckle.com/pd6524960.html]
[www.good-buckle.com/pd77184267.html]
[www.good-buckle.com/pd6424960.html]
[www.good-buckle.com/pl0702955-p2.html]
[www.good-buckle.com/pl0702955-p3.html]
[www.good-buckle.com/products-p9.html]
[www.good-buckle.com/pl0702955-p4.html]
[www.good-buckle.com/pd6944960.html]
[www.good-buckle.com/pl0702955-p5.html]
[www.good-buckle.com/pl0702955-p10.html]
[www.good-buckle.com/pl0702955-p11.html]
[www.good-buckle.com/pd6134960.html]
[www.good-buckle.com/pd6834960.html]
[www.good-buckle.com/pd6724960.html]
[www.good-buckle.com/pd70384267.html]
[www.good-buckle.com/pd6504960.html]
[www.good-buckle.com/pd6403960.html]
[www.good-buckle.com/pd6214960.html]
[www.good-buckle.com/pd77284267.html]
[www.good-buckle.com/pd76284267.html]
[www.good-buckle.com/pd76384267.html]
[www.good-buckle.com/pd72484267.html]
[www.good-buckle.com/pl0602955-p2.html]
[www.good-buckle.com/pl0602955-p3.html]
[www.good-buckle.com/pd6604960.html]
[www.good-buckle.com/pd6194960.html]
[www.good-buckle.com/pd6094960.html]
[www.good-buckle.com/pd6444960.html]
[www.good-buckle.com/pd6204960.html]
[www.good-buckle.com/pd6344960.html]
[www.good-buckle.com/pd6144960.html]
[www.good-buckle.com/pd6414960.html]
[www.good-buckle.com/pd78184267.html]
[www.good-buckle.com/pd93816226.html]
[www.good-buckle.com/pl0502955-p2.html]
[www.good-buckle.com/pd72884267.html]
[www.good-buckle.com/pd6303960.html]
[www.good-buckle.com/pd73584267.html]
[www.good-buckle.com/pd6244960.html]
[www.good-buckle.com/pd43092125.html]
[www.good-buckle.com/pd42755641.html]
[www.good-buckle.com/pd71284267.html]
[www.good-buckle.com/pd79684267.html]
[www.good-buckle.com/pd6804960.html]
[www.good-buckle.com/pd71884267.html]
[www.good-buckle.com/pl0702955-p8.html]
[www.good-buckle.com/pd26336757.html]
[www.good-buckle.com/pd77484267.html]
[www.good-buckle.com/pd72584267.html]
[www.good-buckle.com/pd71384267.html]
[www.good-buckle.com/pd74284267.html]
[www.good-buckle.com/pd70284267.html]
[www.good-buckle.com/pd92816226.html]
[www.good-buckle.com/pd78584267.html]
[www.good-buckle.com/pd73684267.html]
[www.good-buckle.com/pd6904960.html]
[www.good-buckle.com/pd6004960.html]
[www.good-buckle.com/pd75784267.html]
[www.good-buckle.com/pd78784267.html]
[www.good-buckle.com/pl0202955-p2.html]
[www.good-buckle.com/pd71584267.html]
[www.good-buckle.com/pd76484267.html]
[www.good-buckle.com/pd73284267.html]
[www.good-buckle.com/pd77584267.html]
[www.good-buckle.com/pd72684267.html]
[www.good-buckle.com/pd76884267.html]
[www.good-buckle.com/pd78684267.html]
[www.good-buckle.com/pd74784267.html]
[www.good-buckle.com/pd76784267.html]
[www.good-buckle.com/pd78884267.html]
[www.good-buckle.com/pd24336757.html]
[www.good-buckle.com/pl0002955-p2.html]
[www.good-buckle.com/pd75484267.html]
[www.good-buckle.com/pd76584267.html]
[www.good-buckle.com/pd71684267.html]
[www.good-buckle.com/pd75884267.html]
[www.good-buckle.com/pd77684267.html]
[www.good-buckle.com/pd73784267.html]
[www.good-buckle.com/pd79584267.html]
[www.good-buckle.com/pd74484267.html]
[www.good-buckle.com/pd75584267.html]
[www.good-buckle.com/pd70684267.html]
[www.good-buckle.com/pd74884267.html]
[www.good-buckle.com/pd76684267.html]
[www.good-buckle.com/pd71784267.html]
[www.good-buckle.com/pd77884267.html]
[www.good-buckle.com/pd75184267.html]
[www.good-buckle.com/pd78484267.html]
[www.good-buckle.com/pd73484267.html]
[www.good-buckle.com/pd74584267.html]
[www.good-buckle.com/pd73884267.html]
[www.good-buckle.com/pd75684267.html]
[www.good-buckle.com/pd70784267.html]
[www.good-buckle.com/pd6408209.html]
[www.good-buckle.com/pd74184267.html]
[www.good-buckle.com/pd74684267.html]
[www.good-buckle.com/pd79784267.html]
[www.good-buckle.com/pl0812955-p2.html]
[www.good-buckle.com/pl0812955-p3.html]
[www.good-buckle.com/pl0812955-p4.html]
[www.good-buckle.com/pl0702955-p9.html]
[www.good-buckle.com/pl0812955-p5.html]
[www.good-buckle.com/pl0812955-p10.html]
[www.good-buckle.com/pl0812955-p11.html]
[www.good-buckle.com/pd72084267.html]
[www.good-buckle.com/pl6390366-p2.html]
[www.good-buckle.com/pd25336757.html]
[www.good-buckle.com/pd71995267.html]
[www.good-buckle.com/pd79995267.html]
[www.good-buckle.com/pd75384267.html]
[www.good-buckle.com/pd71484267.html]
[www.good-buckle.com/pd74384267.html]
[www.good-buckle.com/pd70484267.html]
[www.good-buckle.com/pd73384267.html]
[www.good-buckle.com/pd79484267.html]
[www.good-buckle.com/pd6044960.html]
[www.good-buckle.com/pd78384267.html]
[www.good-buckle.com/pd6734960.html]
[www.good-buckle.com/pd77384267.html]
[www.good-buckle.com/pd6534960.html]
[www.good-buckle.com/pl0663296-p2.html]
[www.good-buckle.com/pd75284267.html]
[www.good-buckle.com/pd79284267.html]
[www.good-buckle.com/pd72284267.html]
[www.good-buckle.com/pl0563296-p2.html]
[www.good-buckle.com/pd70584267.html]
[www.good-buckle.com/pd6283960.html]
[www.good-buckle.com/pd6934960.html]
[www.good-buckle.com/pd73184267.html]
[www.good-buckle.com/pd72184267.html]
[www.good-buckle.com/pd6614960.html]
[www.good-buckle.com/pd76184267.html]
[www.good-buckle.com/pd6024960.html]
[www.good-buckle.com/pl0860400-p2.html]
[www.good-buckle.com/pl0860400-p3.html]
[www.good-buckle.com/pl0812955-p8.html]
[www.good-buckle.com/pl0860400-p4.html]
[www.good-buckle.com/pl0812955-p9.html]
[www.good-buckle.com/pl0860400-p5.html]
[www.good-buckle.com/pl0860400-p10.html]
[www.good-buckle.com/pl0860400-p11.html]
[www.good-buckle.com/pl0750400-p2.html]
[www.good-buckle.com/pl0750400-p3.html]
[www.good-buckle.com/pl0650400-p2.html]
[www.good-buckle.com/pl0650400-p3.html]
[www.good-buckle.com/pl0550400-p2.html]
[www.good-buckle.com/pl0550400-p3.html]
[www.good-buckle.com/pl0860400-p8.html]
[www.good-buckle.com/pl0550400-p4.html]
[www.good-buckle.com/pl0550400-p6.html]
[www.good-buckle.com/pl0450400-p2.html]
[www.good-buckle.com/pl0350400-p2.html]
[www.good-buckle.com/pl0250400-p2.html]
[www.good-buckle.com/pl0050400-p2.html]
[www.good-buckle.com/pd6224960.html]
[www.good-buckle.com/pl0860400-p9.html]
[www.good-buckle.com/products-p5.html]
[www.good-buckle.com/products-p10.html]
[www.good-buckle.com/pl0550400-p5.html]
[www.good-buckle.com/products-p8.html]
[www.good-buckle.com/products-p9.html]
[www.good-buckle.com/pd6944960.html]
[www.good-buckle.com/products-p6.html]
[www.good-buckle.com/pl0702955-p5.html]
[www.good-buckle.com/pl0702955-p10.html]
[www.good-buckle.com/products-p7.html]
[www.good-buckle.com/pl0702955-p8.html]
[www.good-buckle.com/pl0702955-p9.html]
[www.good-buckle.com/pl0702955-p6.html]
[www.good-buckle.com/pl0812955-p5.html]
[www.good-buckle.com/pl0812955-p10.html]
[www.good-buckle.com/pl0702955-p7.html]
[www.good-buckle.com/pl0812955-p8.html]
[www.good-buckle.com/pl0812955-p9.html]
[www.good-buckle.com/pl0812955-p6.html]
[www.good-buckle.com/pl0860400-p5.html]
[www.good-buckle.com/pl0860400-p10.html]
[www.good-buckle.com/pl0812955-p7.html]
[www.good-buckle.com/pl0860400-p8.html]
[www.good-buckle.com/pl0860400-p9.html]
[www.good-buckle.com/pl0550400-p5.html]
[www.good-buckle.com/products-p6.html]
[www.good-buckle.com/products-p7.html]
[www.good-buckle.com/pl0702955-p6.html]
[www.good-buckle.com/pl0702955-p7.html]
[www.good-buckle.com/pl0812955-p6.html]
[www.good-buckle.com/pl0812955-p7.html]
[www.good-buckle.com/pl0860400-p6.html]
[www.good-buckle.com/pl0860400-p6.html]
[www.good-buckle.com/pl0860400-p7.html]
[www.good-buckle.com/pl0860400-p7.html]
